WARNING;Remedials;The remedial at line 2 will not be taken into account because contingency ctyId is not defined in contingencies script
